app/scenario_app/allon_jpeg_encode/cis_sensor/cis_ov5647/cisdp_sensor.c:333:6:HW5x5JPEGbyTPG_RDMA_CB	0	static
app/scenario_app/allon_jpeg_encode/cis_sensor/cis_ov5647/cisdp_sensor.c:352:6:HW5x5JPEGEncbyTPG_WDMA2_CB	8	static
app/scenario_app/allon_jpeg_encode/cis_sensor/cis_ov5647/cisdp_sensor.c:374:6:JPEGEncbyTPG_WDMA2_CB	8	static
app/scenario_app/allon_jpeg_encode/cis_sensor/cis_ov5647/cisdp_sensor.c:394:6:HW5x5byTPG_WDMA3_CB	8	static
app/scenario_app/allon_jpeg_encode/cis_sensor/cis_ov5647/cisdp_sensor.c:88:6:ov5647_set_dp_rc96	24	static
app/scenario_app/allon_jpeg_encode/cis_sensor/cis_ov5647/cisdp_sensor.c:117:6:set_mipi_csirx_enable	40	static
app/scenario_app/allon_jpeg_encode/cis_sensor/cis_ov5647/cisdp_sensor.c:264:5:cisdp_sensor_init	8	static
app/scenario_app/allon_jpeg_encode/cis_sensor/cis_ov5647/cisdp_sensor.c:313:10:copy_mem_to_mem	32	static
app/scenario_app/allon_jpeg_encode/cis_sensor/cis_ov5647/cisdp_sensor.c:416:10:app_mem_to_hw5x5	192	static
app/scenario_app/allon_jpeg_encode/cis_sensor/cis_ov5647/cisdp_sensor.c:489:10:app_mem_to_jpg	208	static
app/scenario_app/allon_jpeg_encode/cis_sensor/cis_ov5647/cisdp_sensor.c:555:10:app_mem_to_hw5x5_jpg	224	static
app/scenario_app/allon_jpeg_encode/cis_sensor/cis_ov5647/cisdp_sensor.c:632:5:cisdp_dp_init	184	static
app/scenario_app/allon_jpeg_encode/cis_sensor/cis_ov5647/cisdp_sensor.c:804:6:cisdp_sensor_start	8	static
app/scenario_app/allon_jpeg_encode/cis_sensor/cis_ov5647/cisdp_sensor.c:824:6:cisdp_sensor_stop	8	static
app/scenario_app/allon_jpeg_encode/cis_sensor/cis_ov5647/cisdp_sensor.c:845:6:cisdp_get_jpginfo	32	static
app/scenario_app/allon_jpeg_encode/cis_sensor/cis_ov5647/cisdp_sensor.c:871:10:app_get_jpeg_addr	0	static
app/scenario_app/allon_jpeg_encode/cis_sensor/cis_ov5647/cisdp_sensor.c:876:10:app_get_jpeg_sz	8	static
app/scenario_app/allon_jpeg_encode/cis_sensor/cis_ov5647/cisdp_sensor.c:882:10:app_get_raw_addr	0	static
app/scenario_app/allon_jpeg_encode/cis_sensor/cis_ov5647/cisdp_sensor.c:887:10:app_get_raw_channels	0	static
app/scenario_app/allon_jpeg_encode/cis_sensor/cis_ov5647/cisdp_sensor.c:891:10:cisdp_get_wdma1_sram_addr	0	static
app/scenario_app/allon_jpeg_encode/cis_sensor/cis_ov5647/cisdp_sensor.c:896:10:cisdp_get_wdma2_sram_addr	0	static
app/scenario_app/allon_jpeg_encode/cis_sensor/cis_ov5647/cisdp_sensor.c:901:10:cisdp_get_wdma3_sram_addr	0	static
app/scenario_app/allon_jpeg_encode/cis_sensor/cis_ov5647/cisdp_sensor.c:906:10:cisdp_get_jpegautofill_sram_addr	0	static
app/scenario_app/allon_jpeg_encode/cis_sensor/cis_ov5647/cisdp_sensor.c:911:10:cisdp_get_raw_addr	0	static
app/scenario_app/allon_jpeg_encode/cis_sensor/cis_ov5647/cisdp_sensor.c:916:10:cisdp_get_quater_raw_addr	0	static
app/scenario_app/allon_jpeg_encode/cis_sensor/cis_ov5647/cisdp_sensor.c:921:10:cisdp_get_yuv_addr	0	static
app/scenario_app/allon_jpeg_encode/cis_sensor/cis_ov5647/cisdp_sensor.c:926:10:cisdp_get_raw_width	0	static
app/scenario_app/allon_jpeg_encode/cis_sensor/cis_ov5647/cisdp_sensor.c:931:10:cisdp_get_raw_height	0	static
app/scenario_app/allon_jpeg_encode/cis_sensor/cis_ov5647/cisdp_sensor.c:936:9:cisdp_get_hw5x5_jpeg_flag	0	static
app/scenario_app/allon_jpeg_encode/cis_sensor/cis_ov5647/cisdp_sensor.c:940:9:cisdp_get_hw5x5_flag	0	static
app/scenario_app/allon_jpeg_encode/cis_sensor/cis_ov5647/cisdp_sensor.c:944:9:cisdp_get_jpg_flag	0	static
