./library/inference/tflmtag2209_u55tag2205/tensorflow/lite/micro/micro_error_reporter.h:30:3:virtual tflite::MicroErrorReporter::~MicroErrorReporter()	0	static
./library/inference/tflmtag2209_u55tag2205/tensorflow/lite/core/api/op_resolver.h:58:35:virtual tflite::OpResolver::TfLiteDelegatePtrVector tflite::OpResolver::GetDelegates(int) const	0	static
./library/inference/tflmtag2209_u55tag2205/tensorflow/lite/core/api/op_resolver.h:77:34:virtual tflite::OpResolver::TfLiteDelegateCreators tflite::OpResolver::GetDelegateCreators() const	0	static
./library/inference/tflmtag2209_u55tag2205/tensorflow/lite/core/api/op_resolver.h:107:40:virtual tflite::OpResolver::TfLiteOpaqueDelegateCreators tflite::OpResolver::GetOpaqueDelegateCreators() const	0	static
./library/inference/tflmtag2209_u55tag2205/tensorflow/lite/core/api/op_resolver.h:125:16:virtual bool tflite::OpResolver::MayContainUserDefinedOps() const	0	static
./library/inference/tflmtag2209_u55tag2205/tensorflow/lite/micro/micro_mutable_op_resolver.h:44:7:virtual tflite::MicroMutableOpResolver<3>::~MicroMutableOpResolver()	0	static
app/scenario_app/kws_pdm_record/AudioUtils.hpp:76:22:bool arm::app::audio::SlidingWindow<T>::HasNext() [with T = const short int]	0	static
app/scenario_app/kws_pdm_record/AudioUtils.hpp:83:22:void arm::app::audio::SlidingWindow<T>::Reset() [with T = const short int]	0	static
app/scenario_app/kws_pdm_record/AudioUtils.hpp:111:26:uint32_t arm::app::audio::SlidingWindow<T>::NextWindowStartIndex() [with T = const short int]	0	static
./library/inference/tflmtag2209_u55tag2205/tensorflow/lite/micro/micro_mutable_op_resolver.h:78:41:TfLiteStatus (* tflite::MicroMutableOpResolver<tOpCount>::GetOpDataParser(tflite::BuiltinOperator) const)(const tflite::Operator*, tflite::ErrorReporter*, tflite::BuiltinDataAllocator*, void**) [with unsigned int tOpCount = 3]	16	static
./library/inference/tflmtag2209_u55tag2205/tensorflow/lite/micro/micro_mutable_op_resolver.h:67:29:const TfLiteRegistration* tflite::MicroMutableOpResolver<tOpCount>::FindOp(const char*) const [with unsigned int tOpCount = 3]	24	static
app/scenario_app/kws_pdm_record/cvapp_kws.cpp:93:13:void _arm_npu_irq_handler()	0	static
/home/mwas/conservacam/arm-gnu-toolchain-13.2.Rel1-x86_64-arm-none-eabi/arm-none-eabi/include/c++/13.2.1/bits/std_function.h:288:7:) [with _Res = void; _Functor = std::function<void(std::vector<short int>&, unsigned int, bool, unsigned int)>; _ArgTypes = {std::vector<short int, std::allocator<short int> >&, int, bool, unsigned int}]	32	static
/home/mwas/conservacam/arm-gnu-toolchain-13.2.Rel1-x86_64-arm-none-eabi/arm-none-eabi/include/c++/13.2.1/bits/std_function.h:288:7:) [with _Res = std::vector<float>; _Functor = GetFeatureCalculator(arm::app::audio::MicroNetKwsMFCC&, TfLiteTensor*, size_t)::<lambda(std::vector<short int>&)>; _ArgTypes = {std::vector<short int, std::allocator<short int> >&}]	8	static
./library/inference/tflmtag2209_u55tag2205/tensorflow/lite/micro/micro_mutable_op_resolver.h:55:29:const TfLiteRegistration* tflite::MicroMutableOpResolver<tOpCount>::FindOp(tflite::BuiltinOperator) const [with unsigned int tOpCount = 3]	8	static
/home/mwas/conservacam/arm-gnu-toolchain-13.2.Rel1-x86_64-arm-none-eabi/arm-none-eabi/include/c++/13.2.1/bits/std_function.h:288:7:) [with _Res = std::vector<unsigned char>; _Functor = GetFeatureCalculator(arm::app::audio::MicroNetKwsMFCC&, TfLiteTensor*, size_t)::<lambda(std::vector<short int>&)>; _ArgTypes = {std::vector<short int, std::allocator<short int> >&}]	48	static
/home/mwas/conservacam/arm-gnu-toolchain-13.2.Rel1-x86_64-arm-none-eabi/arm-none-eabi/include/c++/13.2.1/bits/std_function.h:267:7:), _Functor>::_M_manager(std::_Any_data&, const std::_Any_data&, std::_Manager_operation) [with _Res = std::vector<float>; _Functor = GetFeatureCalculator(arm::app::audio::MicroNetKwsMFCC&, TfLiteTensor*, size_t)::<lambda(std::vector<short int>&)>; _ArgTypes = {std::vector<short int, std::allocator<short int> >&}]	0	static
/home/mwas/conservacam/arm-gnu-toolchain-13.2.Rel1-x86_64-arm-none-eabi/arm-none-eabi/include/c++/13.2.1/bits/std_function.h:267:7:), _Functor>::_M_manager(std::_Any_data&, const std::_Any_data&, std::_Manager_operation) [with _Res = std::vector<short int>; _Functor = GetFeatureCalculator(arm::app::audio::MicroNetKwsMFCC&, TfLiteTensor*, size_t)::<lambda(std::vector<short int>&)>; _ArgTypes = {std::vector<short int, std::allocator<short int> >&}]	16	static
/home/mwas/conservacam/arm-gnu-toolchain-13.2.Rel1-x86_64-arm-none-eabi/arm-none-eabi/include/c++/13.2.1/bits/std_function.h:267:7:), _Functor>::_M_manager(std::_Any_data&, const std::_Any_data&, std::_Manager_operation) [with _Res = std::vector<unsigned char>; _Functor = GetFeatureCalculator(arm::app::audio::MicroNetKwsMFCC&, TfLiteTensor*, size_t)::<lambda(std::vector<short int>&)>; _ArgTypes = {std::vector<short int, std::allocator<short int> >&}]	16	static
/home/mwas/conservacam/arm-gnu-toolchain-13.2.Rel1-x86_64-arm-none-eabi/arm-none-eabi/include/c++/13.2.1/bits/std_function.h:267:7:), _Functor>::_M_manager(std::_Any_data&, const std::_Any_data&, std::_Manager_operation) [with _Res = std::vector<signed char>; _Functor = GetFeatureCalculator(arm::app::audio::MicroNetKwsMFCC&, TfLiteTensor*, size_t)::<lambda(std::vector<short int>&)>; _ArgTypes = {std::vector<short int, std::allocator<short int> >&}]	16	static
app/scenario_app/kws_pdm_record/AudioUtils.hpp:92:22:void arm::app::audio::SlidingWindow<T>::Reset(T*) [with T = const short int]	4	static
/home/mwas/conservacam/arm-gnu-toolchain-13.2.Rel1-x86_64-arm-none-eabi/arm-none-eabi/include/c++/13.2.1/bits/stl_tree.h:2162:5:std::pair<std::_Rb_tree_iterator<_Val>, bool> std::_Rb_tree<_Key, _Val, _KeyOfValue, _Compare, _Alloc>::_M_insert_unique(_Arg&&) [with _Arg = std::pair<float, long unsigned int>; _Key = std::pair<float, long unsigned int>; _Val = std::pair<float, long unsigned int>; _KeyOfValue = std::_Identity<std::pair<float, long unsigned int> >; _Compare = std::less<std::pair<float, long unsigned int> >; _Alloc = std::allocator<std::pair<float, long unsigned int> >]	40	static
/home/mwas/conservacam/arm-gnu-toolchain-13.2.Rel1-x86_64-arm-none-eabi/arm-none-eabi/include/c++/13.2.1/bits/std_function.h:288:7:) [with _Res = std::vector<short int>; _Functor = GetFeatureCalculator(arm::app::audio::MicroNetKwsMFCC&, TfLiteTensor*, size_t)::<lambda(std::vector<short int>&)>; _ArgTypes = {std::vector<short int, std::allocator<short int> >&}]	48	static
/home/mwas/conservacam/arm-gnu-toolchain-13.2.Rel1-x86_64-arm-none-eabi/arm-none-eabi/include/c++/13.2.1/bits/std_function.h:288:7:) [with _Res = std::vector<signed char>; _Functor = GetFeatureCalculator(arm::app::audio::MicroNetKwsMFCC&, TfLiteTensor*, size_t)::<lambda(std::vector<short int>&)>; _ArgTypes = {std::vector<short int, std::allocator<short int> >&}]	48	static
app/scenario_app/kws_pdm_record/AudioUtils.hpp:63:20:T* arm::app::audio::SlidingWindow<T>::Next() [with T = const short int]	8	static
/home/mwas/conservacam/arm-gnu-toolchain-13.2.Rel1-x86_64-arm-none-eabi/arm-none-eabi/include/c++/13.2.1/bits/stl_vector.h:730:7:std::vector<_Tp, _Alloc>::~vector() [with _Tp = std::vector<signed char>; _Alloc = std::allocator<std::vector<signed char> >]	16	static
/home/mwas/conservacam/arm-gnu-toolchain-13.2.Rel1-x86_64-arm-none-eabi/arm-none-eabi/include/c++/13.2.1/bits/stl_vector.h:730:7:std::vector<_Tp, _Alloc>::~vector() [with _Tp = std::vector<unsigned char>; _Alloc = std::allocator<std::vector<unsigned char> >]	16	static
./library/inference/tflmtag2209_u55tag2205/tensorflow/lite/micro/micro_op_resolver.h:53:29:virtual const TfLiteRegistration* tflite::MicroOpResolver::FindOp(tflite::BuiltinOperator, int) const	8	static
/home/mwas/conservacam/arm-gnu-toolchain-13.2.Rel1-x86_64-arm-none-eabi/arm-none-eabi/include/c++/13.2.1/bits/stl_vector.h:730:7:std::vector<_Tp, _Alloc>::~vector() [with _Tp = std::vector<short int>; _Alloc = std::allocator<std::vector<short int> >]	16	static
/home/mwas/conservacam/arm-gnu-toolchain-13.2.Rel1-x86_64-arm-none-eabi/arm-none-eabi/include/c++/13.2.1/bits/stl_vector.h:730:7:std::vector<_Tp, _Alloc>::~vector() [with _Tp = std::__cxx11::basic_string<char>; _Alloc = std::allocator<std::__cxx11::basic_string<char> >]	24	static
/home/mwas/conservacam/arm-gnu-toolchain-13.2.Rel1-x86_64-arm-none-eabi/arm-none-eabi/include/c++/13.2.1/bits/stl_vector.h:730:7:std::vector<_Tp, _Alloc>::~vector() [with _Tp = std::vector<float>; _Alloc = std::allocator<std::vector<float> >]	16	static
./library/inference/tflmtag2209_u55tag2205/tensorflow/lite/micro/micro_op_resolver.h:60:29:virtual const TfLiteRegistration* tflite::MicroOpResolver::FindOp(const char*, int) const	24	static
/home/mwas/conservacam/arm-gnu-toolchain-13.2.Rel1-x86_64-arm-none-eabi/arm-none-eabi/include/c++/13.2.1/bits/stl_tree.h:1930:5:void std::_Rb_tree<_Key, _Val, _KeyOfValue, _Compare, _Alloc>::_M_erase(_Link_type) [with _Key = std::pair<float, long unsigned int>; _Val = std::pair<float, long unsigned int>; _KeyOfValue = std::_Identity<std::pair<float, long unsigned int> >; _Compare = std::less<std::pair<float, long unsigned int> >; _Alloc = std::allocator<std::pair<float, long unsigned int> >]	48	static
/home/mwas/conservacam/arm-gnu-toolchain-13.2.Rel1-x86_64-arm-none-eabi/arm-none-eabi/include/c++/13.2.1/bits/std_function.h:267:7:), _Functor>::_M_manager(std::_Any_data&, const std::_Any_data&, std::_Manager_operation) [with _Res = void; _Functor = std::function<void(std::vector<short int>&, unsigned int, bool, unsigned int)>; _ArgTypes = {std::vector<short int, std::allocator<short int> >&, int, bool, unsigned int}]	24	static
/home/mwas/conservacam/arm-gnu-toolchain-13.2.Rel1-x86_64-arm-none-eabi/arm-none-eabi/include/c++/13.2.1/bits/std_function.h:267:7:), _Functor>::_M_manager(std::_Any_data&, const std::_Any_data&, std::_Manager_operation) [with _Res = void; _Functor = FeatureCalc<signed char>(TfLiteTensor*, size_t, std::function<std::vector<signed char>(std::vector<short int>&)>)::<lambda(std::vector<short int>&, size_t, bool, size_t)>; _ArgTypes = {std::vector<short int, std::allocator<short int> >&, unsigned int, bool, unsigned int}]	24	static
/home/mwas/conservacam/arm-gnu-toolchain-13.2.Rel1-x86_64-arm-none-eabi/arm-none-eabi/include/c++/13.2.1/bits/std_function.h:267:7:), _Functor>::_M_manager(std::_Any_data&, const std::_Any_data&, std::_Manager_operation) [with _Res = void; _Functor = FeatureCalc<float>(TfLiteTensor*, size_t, std::function<std::vector<float>(std::vector<short int>&)>)::<lambda(std::vector<short int>&, size_t, bool, size_t)>; _ArgTypes = {std::vector<short int, std::allocator<short int> >&, unsigned int, bool, unsigned int}]	24	static
/home/mwas/conservacam/arm-gnu-toolchain-13.2.Rel1-x86_64-arm-none-eabi/arm-none-eabi/include/c++/13.2.1/bits/std_function.h:267:7:), _Functor>::_M_manager(std::_Any_data&, const std::_Any_data&, std::_Manager_operation) [with _Res = void; _Functor = FeatureCalc<short int>(TfLiteTensor*, size_t, std::function<std::vector<short int>(std::vector<short int>&)>)::<lambda(std::vector<short int>&, size_t, bool, size_t)>; _ArgTypes = {std::vector<short int, std::allocator<short int> >&, unsigned int, bool, unsigned int}]	24	static
/home/mwas/conservacam/arm-gnu-toolchain-13.2.Rel1-x86_64-arm-none-eabi/arm-none-eabi/include/c++/13.2.1/bits/std_function.h:267:7:), _Functor>::_M_manager(std::_Any_data&, const std::_Any_data&, std::_Manager_operation) [with _Res = void; _Functor = FeatureCalc<unsigned char>(TfLiteTensor*, size_t, std::function<std::vector<unsigned char>(std::vector<short int>&)>)::<lambda(std::vector<short int>&, size_t, bool, size_t)>; _ArgTypes = {std::vector<short int, std::allocator<short int> >&, unsigned int, bool, unsigned int}]	24	static
app/scenario_app/kws_pdm_record/cvapp_kws.cpp:145:5:int cv_kws_init(bool, bool, uint32_t)	96	static
app/scenario_app/kws_pdm_record/cvapp_kws.cpp:210:1:std::function<void(std::vector<short int>&, unsigned int, bool, unsigned int)> FeatureCalc(TfLiteTensor*, size_t, std::function<std::vector<T>(std::vector<short int>&)>) [with T = signed char]	64	static
app/scenario_app/kws_pdm_record/cvapp_kws.cpp:210:1:std::function<void(std::vector<short int>&, unsigned int, bool, unsigned int)> FeatureCalc(TfLiteTensor*, size_t, std::function<std::vector<T>(std::vector<short int>&)>) [with T = unsigned char]	64	static
app/scenario_app/kws_pdm_record/cvapp_kws.cpp:210:1:std::function<void(std::vector<short int>&, unsigned int, bool, unsigned int)> FeatureCalc(TfLiteTensor*, size_t, std::function<std::vector<T>(std::vector<short int>&)>) [with T = short int]	64	static
app/scenario_app/kws_pdm_record/cvapp_kws.cpp:210:1:std::function<void(std::vector<short int>&, unsigned int, bool, unsigned int)> FeatureCalc(TfLiteTensor*, size_t, std::function<std::vector<T>(std::vector<short int>&)>) [with T = float]	64	static
app/scenario_app/kws_pdm_record/cvapp_kws.cpp:326:6:void SetVectorResults(std::set<std::pair<float, long unsigned int> >&, std::vector<MyClassificationResult>&, const std::vector<std::__cxx11::basic_string<char> >&)	32	static
app/scenario_app/kws_pdm_record/cvapp_kws.cpp:648:5:int cv_kws_deinit()	0	static
app/scenario_app/kws_pdm_record/cvapp_kws.cpp:216:12:FeatureCalc<signed char>(TfLiteTensor*, size_t, std::function<std::vector<signed char>(std::vector<short int>&)>)::<lambda(std::vector<short int>&, size_t, bool, size_t)>	48	static
/home/mwas/conservacam/arm-gnu-toolchain-13.2.Rel1-x86_64-arm-none-eabi/arm-none-eabi/include/c++/13.2.1/bits/std_function.h:288:7:) [with _Res = void; _Functor = FeatureCalc<signed char>(TfLiteTensor*, size_t, std::function<std::vector<signed char>(std::vector<short int>&)>)::<lambda(std::vector<short int>&, size_t, bool, size_t)>; _ArgTypes = {std::vector<short int, std::allocator<short int> >&, unsigned int, bool, unsigned int}]	16	static
app/scenario_app/kws_pdm_record/cvapp_kws.cpp:216:12:FeatureCalc<unsigned char>(TfLiteTensor*, size_t, std::function<std::vector<unsigned char>(std::vector<short int>&)>)::<lambda(std::vector<short int>&, size_t, bool, size_t)>	48	static
/home/mwas/conservacam/arm-gnu-toolchain-13.2.Rel1-x86_64-arm-none-eabi/arm-none-eabi/include/c++/13.2.1/bits/std_function.h:288:7:) [with _Res = void; _Functor = FeatureCalc<unsigned char>(TfLiteTensor*, size_t, std::function<std::vector<unsigned char>(std::vector<short int>&)>)::<lambda(std::vector<short int>&, size_t, bool, size_t)>; _ArgTypes = {std::vector<short int, std::allocator<short int> >&, unsigned int, bool, unsigned int}]	16	static
app/scenario_app/kws_pdm_record/cvapp_kws.cpp:216:12:FeatureCalc<short int>(TfLiteTensor*, size_t, std::function<std::vector<short int>(std::vector<short int>&)>)::<lambda(std::vector<short int>&, size_t, bool, size_t)>	48	static
/home/mwas/conservacam/arm-gnu-toolchain-13.2.Rel1-x86_64-arm-none-eabi/arm-none-eabi/include/c++/13.2.1/bits/std_function.h:288:7:) [with _Res = void; _Functor = FeatureCalc<short int>(TfLiteTensor*, size_t, std::function<std::vector<short int>(std::vector<short int>&)>)::<lambda(std::vector<short int>&, size_t, bool, size_t)>; _ArgTypes = {std::vector<short int, std::allocator<short int> >&, unsigned int, bool, unsigned int}]	16	static
app/scenario_app/kws_pdm_record/cvapp_kws.cpp:216:12:FeatureCalc<float>(TfLiteTensor*, size_t, std::function<std::vector<float>(std::vector<short int>&)>)::<lambda(std::vector<short int>&, size_t, bool, size_t)>	48	static
/home/mwas/conservacam/arm-gnu-toolchain-13.2.Rel1-x86_64-arm-none-eabi/arm-none-eabi/include/c++/13.2.1/bits/std_function.h:288:7:) [with _Res = void; _Functor = FeatureCalc<float>(TfLiteTensor*, size_t, std::function<std::vector<float>(std::vector<short int>&)>)::<lambda(std::vector<short int>&, size_t, bool, size_t)>; _ArgTypes = {std::vector<short int, std::allocator<short int> >&, unsigned int, bool, unsigned int}]	16	static
/home/mwas/conservacam/arm-gnu-toolchain-13.2.Rel1-x86_64-arm-none-eabi/arm-none-eabi/include/c++/13.2.1/bits/stl_tree.h:2013:5:std::pair<std::_Rb_tree_iterator<_Val>, std::_Rb_tree_iterator<_Val> > std::_Rb_tree<_Key, _Val, _KeyOfValue, _Compare, _Alloc>::equal_range(const _Key&) [with _Key = std::pair<float, long unsigned int>; _Val = std::pair<float, long unsigned int>; _KeyOfValue = std::_Identity<std::pair<float, long unsigned int> >; _Compare = std::less<std::pair<float, long unsigned int> >; _Alloc = std::allocator<std::pair<float, long unsigned int> >]	12	static
app/scenario_app/kws_pdm_record/cvapp_kws.cpp:341:6:bool GetTopNResults(const std::vector<float>&, std::vector<MyClassificationResult>&, uint32_t, const std::vector<std::__cxx11::basic_string<char> >&)	88	static
app/scenario_app/kws_pdm_record/cvapp_kws.cpp:376:7:bool GetClassificationResults(TfLiteTensor*, std::vector<MyClassificationResult>&, const std::vector<std::__cxx11::basic_string<char> >&, uint32_t, bool)	80	static
app/scenario_app/kws_pdm_record/cvapp_kws.cpp:468:5:int cv_kws_run(struct_kws_algoResult*, int16_t*, int32_t, void (*)())	408	static
app/scenario_app/kws_pdm_record/cvapp_kws.cpp:651:1:cpp)	104	static
