app/scenario_app/allon_sensor_tflm/cis_sensor/cis_ov5647/cisdp_sensor.c:96:6:ov5647_set_dp_rc96	24	static
app/scenario_app/allon_sensor_tflm/cis_sensor/cis_ov5647/cisdp_sensor.c:115:6:set_mipi_csirx_enable	72	static
app/scenario_app/allon_sensor_tflm/cis_sensor/cis_ov5647/cisdp_sensor.c:262:5:cisdp_sensor_init	8	static
app/scenario_app/allon_sensor_tflm/cis_sensor/cis_ov5647/cisdp_sensor.c:333:5:cisdp_dp_init	192	static
app/scenario_app/allon_sensor_tflm/cis_sensor/cis_ov5647/cisdp_sensor.c:525:6:cisdp_sensor_start	8	static
app/scenario_app/allon_sensor_tflm/cis_sensor/cis_ov5647/cisdp_sensor.c:546:6:cisdp_sensor_stop	8	static
app/scenario_app/allon_sensor_tflm/cis_sensor/cis_ov5647/cisdp_sensor.c:567:6:cisdp_get_jpginfo	24	static
app/scenario_app/allon_sensor_tflm/cis_sensor/cis_ov5647/cisdp_sensor.c:601:10:app_get_jpeg_addr	0	static
app/scenario_app/allon_sensor_tflm/cis_sensor/cis_ov5647/cisdp_sensor.c:607:10:app_get_raw_addr	0	static
app/scenario_app/allon_sensor_tflm/cis_sensor/cis_ov5647/cisdp_sensor.c:613:10:app_get_raw_sz	0	static
app/scenario_app/allon_sensor_tflm/cis_sensor/cis_ov5647/cisdp_sensor.c:631:10:app_get_raw_width	0	static
app/scenario_app/allon_sensor_tflm/cis_sensor/cis_ov5647/cisdp_sensor.c:643:10:app_get_raw_height	0	static
app/scenario_app/allon_sensor_tflm/cis_sensor/cis_ov5647/cisdp_sensor.c:654:10:app_get_raw_channels	0	static
